PS C:\git_challenge> git init
Initialized empty Git repository in C:/git_challenge/.git/
PS C:\git_challenge> git add hello_world.txt
PS C:\git_challenge> git commit -m "hello_world.txtを追加"
[main (root-commit) 6693ef4] hello_world.txtを追加
 1 file changed, 1 insertion(+)
 create mode 100644 hello_world.txt
PS C:\git_challenge> git add hello_world.txt
PS C:\git_challenge> git commit -m "日本語訳を追記"
[main 3523574] 日本語訳を追記
 1 file changed, 2 insertions(+), 1 deletion(-)
PS C:\git_challenge> git log --oneline
3523574 (HEAD -> main) 日本語訳を追記
6693ef4 hello_world.txtを追加